freenode.net#NULL-q
freenode.net#perlbot-q
-q
//
/o
PerlIO
Unicode
__DATA__
cgi
fat comma
foreach
heredoc
learn perlbot
manual
objects
perl regex
perl5004delta
perl5005delta
perl561delta
perl56delta
perl570delta
perlaix
perlamiga
perlapi
perlapio
perlapollo
perlbeos
perlbook
perlboot
perlbs2000
perlcall
perlce
perlcheat
perlcn
perlcompile
perlcygwin
perldata
perldbmfilter
perldebguts
perldebtut
perldebug
perldelta
perldgux
perldiag
perldos
perldsc
perlebcdic
perlembed
perlepoc
perlfaq
perlfaq1
perlfaq2
perlfaq3
perlfaq4
perlfaq5
perlfaq6
perlfaq7
perlfaq8
perlfaq9
perlfilter
perlfork
perlfreebsd
perlfunc
perlguts
perlhack
perlhist
perlhpux
perlhurd
perlintern
perlintro
perliol
perlipc
perlirix
perljp
perlko
perllexwarn
perllocale
perllol
perlmachten
perlmacos
perlmint
perlmod
perlmodinstall
perlmodlib
perlmodstyle
perlmpeix
perlnetware
perlnewmod
perlnumber
perlobj
perlop
perlopentut
perlos2
perlos390
perlothrtut
perlpacktut
perlplan9
perlpod
perlpodspec
perlqnx
perlre
perlref
perlreftut
perlrequick
perlretut
perlrun
perlsec
perlsolaris
perlstyle
perlsub
perlsyn
perlthrtut
perltie
perltoc
perltodo
perltooc
perltoot
perltrap
perltru64
perltw
perlunicode
perlunifaq
perluniintro
perlunitut
perlutil
perluts
perlvar
perlvmesa
perlvms
perlvos
perlwin32
perlxs
perlxstut
pod
posix
quotes
setuid
sprintf
strict
use warnings
